
> the-phantom-network@0.1.0 build
> next build

   Γû▓ Next.js 15.5.19
   - Environments: .env.local

   Creating an optimized production build ...
 Γ£ô Compiled successfully in 27.5s
   Linting and checking validity of types ...
npm : 
At line:1 char:47
+ ... "c:\Users\hp\Documents\ThePhantomNetwork"; npm run 
build 2>&1 | tee b ...
+                                                
~~~~~~~~~~~~~~~~~~
    + CategoryInfo          : NotSpecified: (:String) [],  
   RemoteException
    + FullyQualifiedErrorId : NativeCommandError
 
Failed to compile.

./src/app/(player)/community/page.tsx
37:19  Warning: 'setPlayers' is assigned a value but never 
used.  @typescript-eslint/no-unused-vars

./src/app/(player)/home/page.tsx
10:8  Warning: 'BottomNav' is defined but never used.  
@typescript-eslint/no-unused-vars
123:10  Warning: 'loading' is assigned a value but never 
used.  @typescript-eslint/no-unused-vars

./src/app/(player)/play/[sessionId]/page.tsx
5:10  Warning: 'GameplayArena' is defined but never used.  
@typescript-eslint/no-unused-vars
63:5  Warning: 'round' is assigned a value but never used. 
 @typescript-eslint/no-unused-vars
69:5  Warning: 'isEliminated' is assigned a value but 
never used.  @typescript-eslint/no-unused-vars
70:5  Warning: 'isRevivable' is assigned a value but never 
used.  @typescript-eslint/no-unused-vars
83:5  Warning: 'targets' is assigned a value but never 
used.  @typescript-eslint/no-unused-vars
84:5  Warning: 'stealInProgress' is assigned a value but 
never used.  @typescript-eslint/no-unused-vars
86:5  Warning: 'fireBoostTaps' is assigned a value but 
never used.  @typescript-eslint/no-unused-vars
93:10  Warning: 'showStealPicker' is assigned a value but 
never used.  @typescript-eslint/no-unused-vars
94:10  Warning: 'reviveTargetId' is assigned a value but 
never used.  @typescript-eslint/no-unused-vars
94:26  Warning: 'setReviveTargetId' is assigned a value 
but never used.  @typescript-eslint/no-unused-vars
96:10  Warning: 'squadMembers' is assigned a value but 
never used.  @typescript-eslint/no-unused-vars
97:10  Warning: 'leaderboard' is assigned a value but 
never used.  @typescript-eslint/no-unused-vars
100:10  Warning: 'maxRounds' is assigned a value but never 
used.  @typescript-eslint/no-unused-vars
263:9  Warning: 'handleStealSelect' is assigned a value 
but never used.  @typescript-eslint/no-unused-vars
273:9  Warning: 'handleResolveSteal' is assigned a value 
but never used.  @typescript-eslint/no-unused-vars
284:9  Warning: 'handleFireBoost' is assigned a value but 
never used.  @typescript-eslint/no-unused-vars

./src/app/(player)/profile/page.tsx
7:10  Warning: 'Button' is defined but never used.  
@typescript-eslint/no-unused-vars
17:3  Warning: 'Users' is defined but never used.  
@typescript-eslint/no-unused-vars
18:3  Warning: 'Calendar' is defined but never used.  
@typescript-eslint/no-unused-vars
42:10  Warning: 'transactions' is assigned a value but 
never used.  @typescript-eslint/no-unused-vars

./src/app/(player)/sessions/[sessionId]/page.tsx
73:6  Warning: React Hook useEffect has a missing 
dependency: 'loadSession'. Either include it or remove the 
dependency array.  react-hooks/exhaustive-deps

./src/app/(player)/squads/page.tsx
16:3  Warning: 'MessageCircle' is defined but never used.  
@typescript-eslint/no-unused-vars
351:51  Warning: 'i' is defined but never used.  
@typescript-eslint/no-unused-vars

./src/app/(player)/world/page.tsx
13:3  Warning: 'Users' is defined but never used.  
@typescript-eslint/no-unused-vars
18:8  Warning: 'Image' is defined but never used.  
@typescript-eslint/no-unused-vars

./src/app/admin/(panel)/errors/page.tsx
37:6  Warning: React Hook useEffect has a missing 
dependency: 'load'. Either include it or remove the 
dependency array.  react-hooks/exhaustive-deps

./src/app/api/layouts/active/route.ts
2:23  Warning: 'AuthError' is defined but never used.  
@typescript-eslint/no-unused-vars

./src/app/api/layouts/global/history/route.ts
6:26  Warning: 'NotFoundError' is defined but never used.  
@typescript-eslint/no-unused-vars
47:27  Warning: 'request' is defined but never used.  
@typescript-eslint/no-unused-vars

./src/app/api/layouts/global/restore/route.ts
73:14  Warning: 'err' is defined but never used.  
@typescript-eslint/no-unused-vars

./src/app/api/layouts/global/route.ts
66:14  Warning: 'err' is defined but never used.  
@typescript-eslint/no-unused-vars

./src/app/api/layouts/user/route.ts
45:14  Warning: 'err' is defined but never used.  
@typescript-eslint/no-unused-vars
131:30  Warning: 'request' is defined but never used.  
@typescript-eslint/no-unused-vars

./src/app/api/wallet/deposit/route.ts
4:10  Warning: 'createAdminClient' is defined but never 
used.  @typescript-eslint/no-unused-vars

./src/components/gameplay/GameplayArena.tsx
3:20  Warning: 'useEffect' is defined but never used.  
@typescript-eslint/no-unused-vars
5:10  Warning: 'StealTargetPicker' is defined but never 
used.  @typescript-eslint/no-unused-vars
6:10  Warning: 'FireBoostMeter' is defined but never used. 
 @typescript-eslint/no-unused-vars
7:10  Warning: 'RevivePanel' is defined but never used.  
@typescript-eslint/no-unused-vars
8:10  Warning: 'Button' is defined but never used.  
@typescript-eslint/no-unused-vars
9:10  Warning: 'Badge' is defined but never used.  
@typescript-eslint/no-unused-vars
12:10  Warning: 'AnimatedAvatar' is defined but never 
used.  @typescript-eslint/no-unused-vars
13:15  Warning: 'ProfileSpriteState' is defined but never 
used.  @typescript-eslint/no-unused-vars
22:3  Warning: 'RefreshCw' is defined but never used.  
@typescript-eslint/no-unused-vars
25:3  Warning: 'Trophy' is defined but never used.  
@typescript-eslint/no-unused-vars
108:3  Warning: 'round' is defined but never used.  
@typescript-eslint/no-unused-vars
109:3  Warning: 'maxRounds' is defined but never used.  
@typescript-eslint/no-unused-vars
115:3  Warning: 'isRevivable' is defined but never used.  
@typescript-eslint/no-unused-vars
119:3  Warning: 'squadMembers' is defined but never used.  
@typescript-eslint/no-unused-vars
121:3  Warning: 'currentUserId' is defined but never used. 
 @typescript-eslint/no-unused-vars
122:3  Warning: 'showStealPicker' is defined but never 
used.  @typescript-eslint/no-unused-vars
123:3  Warning: 'stealTargets' is defined but never used.  
@typescript-eslint/no-unused-vars
124:3  Warning: 'stealInProgress' is defined but never 
used.  @typescript-eslint/no-unused-vars
125:3  Warning: 'attackerId' is defined but never used.  
@typescript-eslint/no-unused-vars
126:3  Warning: 'fireBoostTaps' is defined but never used. 
 @typescript-eslint/no-unused-vars
127:3  Warning: 'reviveTargetId' is defined but never 
used.  @typescript-eslint/no-unused-vars
131:3  Warning: 'onStealSelect' is defined but never used. 
 @typescript-eslint/no-unused-vars
132:3  Warning: 'onStealCancel' is defined but never used. 
 @typescript-eslint/no-unused-vars
133:3  Warning: 'onResolveSteal' is defined but never 
used.  @typescript-eslint/no-unused-vars
134:3  Warning: 'onFireBoost' is defined but never used.  
@typescript-eslint/no-unused-vars
135:3  Warning: 'onReviveContribute' is defined but never 
used.  @typescript-eslint/no-unused-vars
139:10  Warning: 'spinCount' is assigned a value but never 
used.  @typescript-eslint/no-unused-vars
139:21  Warning: 'setSpinCount' is assigned a value but 
never used.  @typescript-eslint/no-unused-vars
140:26  Warning: 'setLiveFeedEvents' is assigned a value 
but never used.  @typescript-eslint/no-unused-vars
145:10  Warning: 'topSquads' is assigned a value but never 
used.  @typescript-eslint/no-unused-vars
145:21  Warning: 'setTopSquads' is assigned a value but 
never used.  @typescript-eslint/no-unused-vars
151:9  Warning: 'highestTokens' is assigned a value but 
never used.  @typescript-eslint/no-unused-vars
394:33  Warning: 'i' is defined but never used.  
@typescript-eslint/no-unused-vars

./src/components/gameplay/GameplayLayoutSettings/index.tsx
4:10  Warning: 'useLayoutEditor' is defined but never 
used.  @typescript-eslint/no-unused-vars

./src/components/gameplay/hud/ActiveEffects.tsx
5:32  Warning: 'ActiveEffect' is defined but never used.  
@typescript-eslint/no-unused-vars

./src/components/gameplay/hud/OutcomeReveal.tsx
6:10  Warning: 'GAMEPLAY_EVENTS' is defined but never 
used.  @typescript-eslint/no-unused-vars

./src/components/gameplay/hud/PhaseEnd.tsx
6:58  Error: Parsing error: Invalid character.

./src/components/gameplay/hud/PhaseIntro.tsx
6:58  Error: Parsing error: Invalid character.

./src/components/gameplay/hud/SkillDockHUD.tsx
5:34  Warning: 'SkillInInventory' is defined but never 
used.  @typescript-eslint/no-unused-vars

./src/components/gameplay/hud/SpinButton.tsx
11:49  Warning: 'isSpinning' is defined but never used.  
@typescript-eslint/no-unused-vars

./src/components/gameplay/hud/TokenCollection.tsx
5:62  Error: Parsing error: Invalid character.

./src/components/gameplay/hud/WheelHUD.tsx
413:17  Warning: 'textPos' is assigned a value but never 
used.  @typescript-eslint/no-unused-vars

./src/components/gameplay/hud-studio/core/EditableComponent
.tsx
12:10  Warning: 'normalizedToPixels' is defined but never 
used.  @typescript-eslint/no-unused-vars

./src/components/gameplay/hud-studio/hooks/useDragDrop.ts
118:6  Warning: React Hook useCallback has missing 
dependencies: 'components' and 'setActiveSnapLines'. 
Either include them or remove the dependency array.  
react-hooks/exhaustive-deps
156:6  Warning: React Hook useCallback has a missing 
dependency: 'setActiveSnapLines'. Either include it or 
remove the dependency array.  react-hooks/exhaustive-deps

./src/components/gameplay/hud-studio/hooks/useResize.ts
93:72  Warning: 'altKey' is assigned a value but never 
used.  @typescript-eslint/no-unused-vars

./src/components/gameplay/hud-studio/hooks/useValidation.ts
12:15  Warning: 'ValidationResult' is defined but never 
used.  @typescript-eslint/no-unused-vars

./src/components/gameplay/hud-studio/panels/ComponentLibrar
y/ComponentCard.tsx
22:9  Warning: 'viewport' is assigned a value but never 
used.  @typescript-eslint/no-unused-vars

./src/components/gameplay/hud-studio/panels/PropertyInspect
or/index.tsx
9:10  Warning: 'useEffect' is defined but never used.  
@typescript-eslint/no-unused-vars

./src/components/gameplay/hud-studio/panels/Toolbar/Alignme
ntTools.tsx
30:9  Warning: 'updateComponent' is assigned a value but 
never used.  @typescript-eslint/no-unused-vars
34:9  Warning: The 'selectedComponents' conditional could 
make the dependencies of useCallback Hook (at line 61) 
change on every render. To fix this, wrap the 
initialization of 'selectedComponents' in its own 
useMemo() Hook.  react-hooks/exhaustive-deps
34:9  Warning: The 'selectedComponents' conditional could 
make the dependencies of useCallback Hook (at line 83) 
change on every render. To fix this, wrap the 
initialization of 'selectedComponents' in its own 
useMemo() Hook.  react-hooks/exhaustive-deps
34:9  Warning: The 'selectedComponents' conditional could 
make the dependencies of useCallback Hook (at line 105) 
change on every render. To fix this, wrap the 
initialization of 'selectedComponents' in its own 
useMemo() Hook.  react-hooks/exhaustive-deps

./src/components/gameplay/hud-studio/systems/snap/GridSnap.
ts
30:11  Warning: 'pixelX' is assigned a value but never 
used.  @typescript-eslint/no-unused-vars
31:11  Warning: 'pixelY' is assigned a value but never 
used.  @typescript-eslint/no-unused-vars

./src/components/gameplay/hud-studio/systems/snap/types.ts
7:35  Warning: 'NormalizedSize' is defined but never used. 
 @typescript-eslint/no-unused-vars

./src/components/gameplay/LayoutEditorShell/index.tsx
27:3  Warning: 'initialLayout' is defined but never used.  
@typescript-eslint/no-unused-vars
58:6  Warning: React Hook useEffect has missing 
dependencies: 'loadLayout' and 'notify'. Either include 
them or remove the dependency array.  
react-hooks/exhaustive-deps

./src/components/gameplay/premium-wheel/ButtonAnimator.tsx
13:3  Warning: 'state' is defined but never used.  
@typescript-eslint/no-unused-vars

./src/components/gameplay/premium-wheel/PremiumWheel.tsx
99:37  Warning: 'index' is defined but never used.  
@typescript-eslint/no-unused-vars

./src/components/gameplay/RevivePanel.tsx
5:10  Warning: 'REVIVE_COST' is defined but never used.  
@typescript-eslint/no-unused-vars

./src/components/gameplay/SquadHandle.tsx
2:10  Warning: 'Users' is defined but never used.  
@typescript-eslint/no-unused-vars

./src/components/sprites/AnimatedSprite.tsx
34:20  Warning: 'sourceSize' is assigned a value but never 
used.  @typescript-eslint/no-unused-vars

./src/components/ui/Dialog.tsx
4:37  Warning: 'useState' is defined but never used.  
@typescript-eslint/no-unused-vars

./src/hooks/useConnectionHealth.ts
70:14  Warning: 'error' is defined but never used.  
@typescript-eslint/no-unused-vars

./src/hooks/useEffectsUpdates.ts
96:15  Warning: 'data' is assigned a value but never used. 
 @typescript-eslint/no-unused-vars

./src/hooks/useGameplayEvents.ts
3:10  Warning: 'useEffect' is defined but never used.  
@typescript-eslint/no-unused-vars

./src/lib/api/rate-limit.ts
1:33  Warning: 'redisGet' is defined but never used.  
@typescript-eslint/no-unused-vars
1:43  Warning: 'redisSet' is defined but never used.  
@typescript-eslint/no-unused-vars

./src/lib/gameplay/steal.ts
2:10  Warning: 'BASE_STEAL_AMOUNT' is defined but never 
used.  @typescript-eslint/no-unused-vars

./src/lib/realtime/event-emitter.ts
4:15  Warning: 'LeaderboardEntry' is defined but never 
used.  @typescript-eslint/no-unused-vars
4:33  Warning: 'SquadLeaderboardEntry' is defined but 
never used.  @typescript-eslint/no-unused-vars
195:3  Warning: 'phaseEndsAt' is defined but never used.  
@typescript-eslint/no-unused-vars

./src/__tests__/integration/api.test.ts
42:7  Warning: 'createMockResponse' is assigned a value 
but never used.  @typescript-eslint/no-unused-vars
57:13  Warning: 'userId' is assigned a value but never 
used.  @typescript-eslint/no-unused-vars
139:13  Warning: 'userId' is assigned a value but never 
used.  @typescript-eslint/no-unused-vars
140:13  Warning: 'layout' is assigned a value but never 
used.  @typescript-eslint/no-unused-vars
152:13  Warning: 'invalidLayout' is assigned a value but 
never used.  @typescript-eslint/no-unused-vars
163:13  Warning: 'userId' is assigned a value but never 
used.  @typescript-eslint/no-unused-vars
164:13  Warning: 'newLayout' is assigned a value but never 
used.  @typescript-eslint/no-unused-vars
189:13  Warning: 'userId' is assigned a value but never 
used.  @typescript-eslint/no-unused-vars
192:13  Warning: 'saves' is assigned a value but never 
used.  @typescript-eslint/no-unused-vars
203:13  Warning: 'hugeLayout' is assigned a value but 
never used.  @typescript-eslint/no-unused-vars
223:13  Warning: 'userId' is assigned a value but never 
used.  @typescript-eslint/no-unused-vars
242:13  Warning: 'player2' is assigned a value but never 
used.  @typescript-eslint/no-unused-vars
284:13  Warning: 'adminId' is assigned a value but never 
used.  @typescript-eslint/no-unused-vars
285:13  Warning: 'layout' is assigned a value but never 
used.  @typescript-eslint/no-unused-vars
318:13  Warning: 'playerId' is assigned a value but never 
used.  @typescript-eslint/no-unused-vars
336:13  Warning: 'designerId' is assigned a value but 
never used.  @typescript-eslint/no-unused-vars
396:13  Warning: 'playerId' is assigned a value but never 
used.  @typescript-eslint/no-unused-vars
430:13  Warning: 'versionId' is assigned a value but never 
used.  @typescript-eslint/no-unused-vars
461:13  Warning: 'playerId' is assigned a value but never 
used.  @typescript-eslint/no-unused-vars

./src/__tests__/integration/gameplay-realtime.test.ts
13:32  Warning: 'beforeEach' is defined but never used.  
@typescript-eslint/no-unused-vars
15:33  Warning: 'SquadLeaderboardEntry' is defined but 
never used.  @typescript-eslint/no-unused-vars

info  - Need to disable some ESLint rules? Learn more 
here: https://nextjs.org/docs/app/api-reference/config/esli
nt#disabling-rules
